// Jest Snapshot v1, https://goo.gl/fbAQLP

exports[`BookCard tests should render correctly with given props 1`] = `
<DocumentFragment>
  <div
    class="MuiPaper-root MuiCard-root makeStyles-root-1 MuiPaper-outlined MuiPaper-rounded"
  >
    <div
      class="MuiCardContent-root"
    >
      <p
        class="MuiTypography-root makeStyles-title-2 MuiTypography-body1 MuiTypography-colorTextSecondary MuiTypography-noWrap MuiTypography-gutterBottom"
      >
        title
      </p>
      <h2
        class="MuiTypography-root MuiTypography-h5"
      />
      <p
        class="MuiTypography-root makeStyles-pos-3 MuiTypography-body1 MuiTypography-colorTextSecondary MuiTypography-noWrap"
      >
        author
      </p>
      <p
        class="MuiTypography-root MuiTypography-body2"
      >
        UK, London, 2021
        <br />
        20
      </p>
    </div>
  </div>
</DocumentFragment>
`;
